[    0.000000] Initializing cgroup subsys cpuset
[    0.000000] Initializing cgroup subsys cpu
[    0.000000] Initializing cgroup subsys cpuacct
[    0.000000] Linux version 4.4.0-66-generic (buildd@lgw01-28) (gcc version 5.4.0 20160609 (Ubuntu 5.4.0-6ubuntu1~16.04.4) ) #87-Ubuntu SMP Fri Mar 3 15:29:05 UTC 2017 (Ubuntu 4.4.0-66.87-generic 4.4.44)
[    0.000000] Command line: BOOT_IMAGE=/boot/vmlinuz-4.4.0-66-generic root=LABEL=cloudimg-rootfs ro console=tty1 console=ttyS0
[    0.000000] KERNEL supported cpus:
[    0.000000]   Intel GenuineIntel
[    0.000000]   AMD AuthenticAMD
[    0.000000]   Centaur CentaurHauls
[    0.000000] x86/fpu: xstate_offset[2]:  576, xstate_sizes[2]:  256
[    0.000000] x86/fpu: Supporting XSAVE feature 0x01: 'x87 floating point registers'
[    0.000000] x86/fpu: Supporting XSAVE feature 0x02: 'SSE registers'
[    0.000000] x86/fpu: Supporting XSAVE feature 0x04: 'AVX registers'
[    0.000000] x86/fpu: Enabled xstate features 0x7, context size is 832 bytes, using 'standard' format.
[    0.000000] x86/fpu: Using 'lazy' FPU context switches.
[    0.000000] e820: BIOS-provided physical RAM map:
[    0.000000] BIOS-e820: [mem 0x0000000000000000-0x000000000009fbff] usable
[    0.000000] BIOS-e820: [mem 0x000000000009fc00-0x000000000009ffff] reserved
[    0.000000] BIOS-e820: [mem 0x00000000000f0000-0x00000000000fffff] reserved
[    0.000000] BIOS-e820: [mem 0x0000000000100000-0x000000005ffeffff] usable
[    0.000000] BIOS-e820: [mem 0x000000005fff0000-0x000000005fffffff] ACPI data
[    0.000000] BIOS-e820: [mem 0x00000000fec00000-0x00000000fec00fff] reserved
[    0.000000] BIOS-e820: [mem 0x00000000fee00000-0x00000000fee00fff] reserved
[    0.000000] BIOS-e820: [mem 0x00000000fffc0000-0x00000000ffffffff] reserved
[    0.000000] NX (Execute Disable) protection: active
[    0.000000] SMBIOS 2.5 present.
[    0.000000] Hypervisor detected: KVM
[    0.000000] e820: last_pfn = 0x5fff0 max_arch_pfn = 0x400000000
[    0.000000] MTRR: Disabled
[    0.000000] x86/PAT: MTRRs disabled, skipping PAT initialization too.
[    0.000000] x86/PAT: Configuration [0-7]: WB  WT  UC- UC  WB  WT  UC- UC  
[    0.000000] CPU MTRRs all blank - virtualized system.
[    0.000000] found SMP MP-table at [mem 0x0009fff0-0x0009ffff] mapped at [ffff88000009fff0]
[    0.000000] Scanning 1 areas for low memory corruption
[    0.000000] RAMDISK: [mem 0x36ae8000-0x3756bfff]
[    0.000000] ACPI: Early table checksum verification disabled
[    0.000000] ACPI: RSDP 0x00000000000E0000 000024 (v02 VBOX  )
[    0.000000] ACPI: XSDT 0x000000005FFF0030 00003C (v01 VBOX   VBOXXSDT 00000001 ASL  00000061)
[    0.000000] ACPI: FACP 0x000000005FFF00F0 0000F4 (v04 VBOX   VBOXFACP 00000001 ASL  00000061)
[    0.000000] ACPI: DSDT 0x000000005FFF0470 0021C8 (v02 VBOX   VBOXBIOS 00000002 INTL 20100528)
[    0.000000] ACPI: FACS 0x000000005FFF0200 000040
[    0.000000] ACPI: FACS 0x000000005FFF0200 000040
[    0.000000] ACPI: APIC 0x000000005FFF0240 00005C (v02 VBOX   VBOXAPIC 00000001 ASL  00000061)
[    0.000000] ACPI: SSDT 0x000000005FFF02A0 0001CC (v01 VBOX   VBOXCPUT 00000002 INTL 20100528)
[    0.000000] No NUMA configuration found
[    0.000000] Faking a node at [mem 0x0000000000000000-0x000000005ffeffff]
[    0.000000] NODE_DATA(0) allocated [mem 0x5ffeb000-0x5ffeffff]
[    0.000000] kvm-clock: Using msrs 4b564d01 and 4b564d00
[    0.000000] kvm-clock: cpu 0, msr 0:5ffe3001, primary cpu clock
[    0.000000] kvm-clock: using sched offset of 3393221583 cycles
[    0.000000] clocksource: kvm-clock: mask: 0xffffffffffffffff max_cycles: 0x1cd42e4dffb, max_idle_ns: 881590591483 ns
[    0.000000] Zone ranges:
[    0.000000]   DMA      [mem 0x0000000000001000-0x0000000000ffffff]
[    0.000000]   DMA32    [mem 0x0000000001000000-0x000000005ffeffff]
[    0.000000]   Normal   empty
[    0.000000]   Device   empty
[    0.000000] Movable zone start for each node
[    0.000000] Early memory node ranges
[    0.000000]   node   0: [mem 0x0000000000001000-0x000000000009efff]
[    0.000000]   node   0: [mem 0x0000000000100000-0x000000005ffeffff]
[    0.000000] Initmem setup node 0 [mem 0x0000000000001000-0x000000005ffeffff]
[    0.000000] ACPI: PM-Timer IO Port: 0x4008
[    0.000000] IOAPIC[0]: apic_id 2, version 32, address 0xfec00000, GSI 0-23
[    0.000000] ACPI: INT_SRC_OVR (bus 0 bus_irq 0 global_irq 2 dfl dfl)
[    0.000000] ACPI: INT_SRC_OVR (bus 0 bus_irq 9 global_irq 9 high level)
[    0.000000] Using ACPI (MADT) for SMP configuration information
[    0.000000] smpboot: Allowing 2 CPUs, 0 hotplug CPUs
[    0.000000] PM: Registered nosave memory: [mem 0x00000000-0x00000fff]
[    0.000000] PM: Registered nosave memory: [mem 0x0009f000-0x0009ffff]
[    0.000000] PM: Registered nosave memory: [mem 0x000a0000-0x000effff]
[    0.000000] PM: Registered nosave memory: [mem 0x000f0000-0x000fffff]
[    0.000000] e820: [mem 0x60000000-0xfebfffff] available for PCI devices
[    0.000000] Booting paravirtualized kernel on KVM
[    0.000000] clocksource: refined-jiffies: mask: 0xffffffff max_cycles: 0xffffffff, max_idle_ns: 7645519600211568 ns
[    0.000000] setup_percpu: NR_CPUS:512 nr_cpumask_bits:512 nr_cpu_ids:2 nr_node_ids:1
[    0.000000] PERCPU: Embedded 33 pages/cpu @ffff88005fc00000 s98264 r8192 d28712 u1048576
[    0.000000] PV qspinlock hash table entries: 256 (order: 0, 4096 bytes)
[    0.000000] Built 1 zonelists in Node order, mobility grouping on.  Total pages: 386937
[    0.000000] Policy zone: DMA32
[    0.000000] Kernel command line: BOOT_IMAGE=/boot/vmlinuz-4.4.0-66-generic root=LABEL=cloudimg-rootfs ro console=tty1 console=ttyS0
[    0.000000] PID hash table entries: 4096 (order: 3, 32768 bytes)
[    0.000000] Memory: 1517904K/1572408K available (8452K kernel code, 1293K rwdata, 3980K rodata, 1488K init, 1316K bss, 54504K reserved, 0K cma-reserved)
[    0.000000] SLUB: HWalign=64, Order=0-3, MinObjects=0, CPUs=2, Nodes=1
[    0.000000] Hierarchical RCU implementation.
[    0.000000] 	Build-time adjustment of leaf fanout to 64.
[    0.000000] 	RCU restricting CPUs from NR_CPUS=512 to nr_cpu_ids=2.
[    0.000000] RCU: Adjusting geometry for rcu_fanout_leaf=64, nr_cpu_ids=2
[    0.000000] NR_IRQS:33024 nr_irqs:440 16
[    0.000000] Console: colour VGA+ 80x25
[    0.000000] console [tty1] enabled
[    0.000000] console [ttyS0] enabled
[    0.000000] tsc: Detected 2494.236 MHz processor
[   17.455776] Calibrating delay loop (skipped) preset value.. 4988.47 BogoMIPS (lpj=9976944)
[   17.718563] pid_max: default: 32768 minimum: 301
[   17.869516] ACPI: Core revision 20150930
[   17.988434] ACPI: 2 ACPI AML tables successfully acquired and loaded
[   18.166625] Security Framework initialized
[   18.303787] Yama: becoming mindful.
[   18.416885] AppArmor: AppArmor initialized
[   18.551872] Dentry cache hash table entries: 262144 (order: 9, 2097152 bytes)
[   18.784473] Inode-cache hash table entries: 131072 (order: 8, 1048576 bytes)
[   19.008518] Mount-cache hash table entries: 4096 (order: 3, 32768 bytes)
[   19.196484] Mountpoint-cache hash table entries: 4096 (order: 3, 32768 bytes)
[   19.427611] Initializing cgroup subsys io
[   19.552167] Initializing cgroup subsys memory
[   19.697782] Initializing cgroup subsys devices
[   19.845376] Initializing cgroup subsys freezer
[   19.994505] Initializing cgroup subsys net_cls
[   20.131611] Initializing cgroup subsys perf_event
[   20.260197] Initializing cgroup subsys net_prio
[   20.404788] Initializing cgroup subsys hugetlb
[   20.550430] Initializing cgroup subsys pids
[   20.683037] CPU: Physical Processor ID: 0
[   20.811564] CPU: Processor Core ID: 0
[   20.933392] mce: CPU supports 0 MCE banks
[   21.062267] Last level iTLB entries: 4KB 1024, 2MB 1024, 4MB 1024
[   21.237383] Last level dTLB entries: 4KB 1024, 2MB 1024, 4MB 1024, 1GB 4
[   21.451738] Freeing SMP alternatives memory: 32K (ffffffff820b9000 - ffffffff820c1000)
[   21.725481] ftrace: allocating 32123 entries in 126 pages
[   21.934746] smpboot: APIC(0) Converting physical 0 to logical package 0
[   22.140052] smpboot: Max logical packages: 1
[   22.263406] x2apic enabled
[   22.334348] Switched APIC routing to physical x2apic.
[   22.489225] ..TIMER: vector=0x30 apic1=0 pin1=2 apic2=-1 pin2=-1
[   22.798695] smpboot: CPU0: Intel(R) Core(TM) i7-4710HQ CPU @ 2.50GHz (family: 0x6, model: 0x3c, stepping: 0x3)
[   23.095122] Performance Events: unsupported p6 CPU model 60 no PMU driver, software events only.
[   23.378543] KVM setup paravirtual spinlock
[   23.512530] x86: Booting SMP configuration:
[   23.645056] .... node  #0, CPUs:      #1
[   23.764070] kvm-clock: cpu 1, msr 0:5ffe3041, secondary cpu clock
[   23.939281] mce: CPU supports 0 MCE banks
[   24.069555] x86: Booted up 1 node, 2 CPUs
[   24.192108] smpboot: Total of 2 processors activated (9976.94 BogoMIPS)
[   24.372980] devtmpfs: initialized
[   24.478197] evm: security.selinux
[   24.576698] evm: security.SMACK64
[   24.683765] evm: security.SMACK64EXEC
[   24.803911] evm: security.SMACK64TRANSMUTE
[   24.939529] evm: security.SMACK64MMAP
[   25.058104] evm: security.ima
[   25.154645] evm: security.capability
[   25.274498] clocksource: jiffies: mask: 0xffffffff max_cycles: 0xffffffff, max_idle_ns: 7645041785100000 ns
[   25.465763] pinctrl core: initialized pinctrl subsystem
[   25.635650] RTC time:  0:45:12, date: 04/01/17
[   25.786834] NET: Registered protocol family 16
[   25.942576] cpuidle: using governor ladder
[   26.086837] cpuidle: using governor menu
[   26.223329] PCCT header not found.
[   26.335505] ACPI: bus type PCI registered
[   26.466541] acpiphp: ACPI Hot Plug PCI Controller Driver version: 0.5
[   26.635780] PCI: Using configuration type 1 for base access
[   26.823214] ACPI: Added _OSI(Module Device)
[   26.962493] ACPI: Added _OSI(Processor Device)
[   27.114748] ACPI: Added _OSI(3.0 _SCP Extensions)
[   27.263840] ACPI: Added _OSI(Processor Aggregator Device)
[   27.394416] ACPI: Executed 1 blocks of module-level executable AML code
[   27.582802] ACPI: Interpreter enabled
[   27.698206] ACPI: (supports S0 S5)
[   27.812260] ACPI: Using IOAPIC for interrupt routing
[   27.979586] PCI: Using host bridge windows from ACPI; if necessary, use "pci=nocrs" and report a bug
[   28.281941] ACPI: PCI Root Bridge [PCI0] (domain 0000 [bus 00-ff])
[   28.485307] acpi PNP0A03:00: _OSC: OS supports [ASPM ClockPM Segments MSI]
[   28.693983] acpi PNP0A03:00: _OSC failed (AE_NOT_FOUND); disabling ASPM
[   28.913711] acpi PNP0A03:00: fail to add MMCONFIG information, can't access extended PCI configuration space under this bridge.
[   29.300438] PCI host bridge to bus 0000:00
[   29.438431] pci_bus 0000:00: root bus resource [io  0x0000-0x0cf7 window]
[   29.657725] pci_bus 0000:00: root bus resource [io  0x0d00-0xffff window]
[   29.856381] pci_bus 0000:00: root bus resource [mem 0x000a0000-0x000bffff window]
[   30.098813] pci_bus 0000:00: root bus resource [mem 0x60000000-0xffdfffff window]
[   30.346437] pci_bus 0000:00: root bus resource [bus 00-ff]
[   30.531981] pci 0000:00:01.1: legacy IDE quirk: reg 0x10: [io  0x01f0-0x01f7]
[   30.740133] pci 0000:00:01.1: legacy IDE quirk: reg 0x14: [io  0x03f6]
[   30.954206] pci 0000:00:01.1: legacy IDE quirk: reg 0x18: [io  0x0170-0x0177]
[   31.193362] pci 0000:00:01.1: legacy IDE quirk: reg 0x1c: [io  0x0376]
[   31.433370] pci 0000:00:07.0: quirk: [io  0x4000-0x403f] claimed by PIIX4 ACPI
[   31.447813] pci 0000:00:07.0: quirk: [io  0x4100-0x410f] claimed by PIIX4 SMB
[   31.455179] ACPI: PCI Interrupt Link [LNKA] (IRQs 5 9 10 *11)
[   31.638599] ACPI: PCI Interrupt Link [LNKB] (IRQs 5 9 10 *11)
[   31.819937] ACPI: PCI Interrupt Link [LNKC] (IRQs 5 9 *10 11)
[   31.996377] ACPI: PCI Interrupt Link [LNKD] (IRQs 5 *9 10 11)
[   32.173521] ACPI: Enabled 2 GPEs in block 00 to 07
[   32.322755] vgaarb: setting as boot device: PCI:0000:00:02.0
[   32.529093] vgaarb: device added: PCI:0000:00:02.0,decodes=io+mem,owns=io+mem,locks=none
[   32.810568] vgaarb: loaded
[   32.896290] vgaarb: bridge control possible 0000:00:02.0
[   33.078247] SCSI subsystem initialized
[   33.204668] ACPI: bus type USB registered
[   33.341902] usbcore: registered new interface driver usbfs
[   33.542870] usbcore: registered new interface driver hub
[   33.726552] usbcore: registered new device driver usb
[   33.887308] PCI: Using ACPI for IRQ routing
[   34.034914] NetLabel: Initializing
[   34.157711] NetLabel:  domain hash size = 128
[   34.306521] NetLabel:  protocols = UNLABELED CIPSOv4
[   34.480585] NetLabel:  unlabeled traffic allowed by default
[   34.674366] amd_nb: Cannot enumerate AMD northbridges
[   34.852401] clocksource: Switched to clocksource kvm-clock
[   35.033672] AppArmor: AppArmor Filesystem Enabled
[   35.199653] pnp: PnP ACPI init
[   35.318301] pnp: PnP ACPI: found 3 devices
[   35.464865] clocksource: acpi_pm: mask: 0xffffff max_cycles: 0xffffff, max_idle_ns: 2085701024 ns
[   35.781036] NET: Registered protocol family 2
[   35.946738] TCP established hash table entries: 16384 (order: 5, 131072 bytes)
[   36.202568] TCP bind hash table entries: 16384 (order: 6, 262144 bytes)
[   36.432540] TCP: Hash tables configured (established 16384 bind 16384)
[   36.664709] UDP hash table entries: 1024 (order: 3, 32768 bytes)
[   36.893592] UDP-Lite hash table entries: 1024 (order: 3, 32768 bytes)
[   37.093540] NET: Registered protocol family 1
[   37.235056] pci 0000:00:00.0: Limiting direct PCI/PCI transfers
[   37.453786] pci 0000:00:01.0: Activating ISA DMA hang workarounds
[   37.679511] Trying to unpack rootfs image as initramfs...
[   39.338774] Freeing initrd memory: 10768K (ffff880036ae8000 - ffff88003756c000)
[   39.593668] RAPL PMU detected, API unit is 2^-32 Joules, 4 fixed counters 10737418240 ms ovfl timer
[   39.919305] hw unit of domain pp0-core 2^-0 Joules
[   40.095156] hw unit of domain package 2^-0 Joules
[   40.254779] hw unit of domain dram 2^-0 Joules
[   40.370892] hw unit of domain pp1-gpu 2^-0 Joules
[   40.526675] platform rtc_cmos: registered platform RTC device (no PNP device found)
[   40.779849] Scanning for low memory corruption every 60 seconds
[   40.973287] futex hash table entries: 512 (order: 3, 32768 bytes)
[   41.192592] audit: initializing netlink subsys (disabled)
[   41.361618] audit: type=2000 audit(1491007498.652:1): initialized
[   41.512504] Initialise system trusted keyring
[   41.658286] tsc: Refined TSC clocksource calibration: 2494.488 MHz
[   41.866978] clocksource: tsc: mask: 0xffffffffffffffff max_cycles: 0x23f4e2f8563, max_idle_ns: 440795288370 ns
[   41.867132] HugeTLB registered 2 MB page size, pre-allocated 0 pages
[   41.868227] zbud: loaded
[   41.868355] VFS: Disk quotas dquot_6.6.0
[   41.868378] VFS: Dquot-cache hash table entries: 512 (order 0, 4096 bytes)
[   41.868610] squashfs: version 4.0 (2009/01/31) Phillip Lougher
[   41.868766] fuse init (API version 7.23)
[   41.868849] Key type big_key registered
[   41.868861] Allocating IMA MOK and blacklist keyrings.
[   41.869004] Key type asymmetric registered
[   41.869006] Asymmetric key parser 'x509' registered
[   41.869031] Block layer SCSI generic (bsg) driver version 0.4 loaded (major 249)
[   41.869119] io scheduler noop registered
[   41.869121] io scheduler deadline registered (default)
[   41.869143] io scheduler cfq registered
[   41.869219] pci_hotplug: PCI Hot Plug PCI Core version: 0.5
[   41.869223] pciehp: PCI Express Hot Plug Controller Driver version: 0.4
[   41.869327] ACPI: AC Adapter [AC] (on-line)
[   41.869366] input: Power Button as /devices/LNXSYSTM:00/LNXPWRBN:00/input/input0
[   41.869369] ACPI: Power Button [PWRF]
[   41.869418] input: Sleep Button as /devices/LNXSYSTM:00/LNXSLPBN:00/input/input1
[   41.869419] ACPI: Sleep Button [SLPF]
[   41.869515] GHES: HEST is not enabled!
[   41.869631] Serial: 8250/16550 driver, 32 ports, IRQ sharing enabled
[   42.200082] 00:02: ttyS0 at I/O 0x3f8 (irq = 4, base_baud = 115200) is a 16550A
[   42.202754] Linux agpgart interface v0.103
[   42.205009] ACPI: Battery Slot [BAT0] (battery present)
[   42.206313] brd: module loaded
[   42.206916] loop: module loaded
[   42.207328] scsi host0: ata_piix
[   42.207370] scsi host1: ata_piix
[   42.207393] ata1: PATA max UDMA/33 cmd 0x1f0 ctl 0x3f6 bmdma 0xd000 irq 14
[   42.207393] ata2: PATA max UDMA/33 cmd 0x170 ctl 0x376 bmdma 0xd008 irq 15
[   42.207447] libphy: Fixed MDIO Bus: probed
[   42.207449] tun: Universal TUN/TAP device driver, 1.6
[   42.207449] tun: (C) 1999-2004 Max Krasnyansky <maxk@qualcomm.com>
[   42.207705] PPP generic driver version 2.4.2
[   42.207745] ehci_hcd: USB 2.0 'Enhanced' Host Controller (EHCI) Driver
[   42.207748] ehci-pci: EHCI PCI platform driver
[   42.207755] ehci-platform: EHCI generic platform driver
[   42.207761] ohci_hcd: USB 1.1 'Open' Host Controller (OHCI) Driver
[   42.207763] ohci-pci: OHCI PCI platform driver
[   42.207780] ohci-platform: OHCI generic platform driver
[   42.207785] uhci_hcd: USB Universal Host Controller Interface driver
[   42.207827] i8042: PNP: PS/2 Controller [PNP0303:PS2K,PNP0f03:PS2M] at 0x60,0x64 irq 1,12
[   42.211887] serio: i8042 KBD port at 0x60,0x64 irq 1
[   42.211890] serio: i8042 AUX port at 0x60,0x64 irq 12
[   42.211973] mousedev: PS/2 mouse device common for all mice
[   42.212214] rtc_cmos rtc_cmos: rtc core: registered rtc_cmos as rtc0
[   42.212299] rtc_cmos rtc_cmos: alarms up to one day, 114 bytes nvram
[   42.212304] i2c /dev entries driver
[   42.212343] device-mapper: uevent: version 1.0.3
[   42.212382] device-mapper: ioctl: 4.34.0-ioctl (2015-10-28) initialised: dm-devel@redhat.com
[   42.212398] ledtrig-cpu: registered to indicate activity on CPUs
[   42.212626] NET: Registered protocol family 10
[   42.212740] NET: Registered protocol family 17
[   42.212747] Key type dns_resolver registered
[   42.213097] microcode: CPU0 sig=0x306c3, pf=0x40, revision=0x0
[   42.213103] microcode: CPU1 sig=0x306c3, pf=0x40, revision=0x0
[   42.213140] microcode: Microcode Update Driver: v2.01 <tigran@aivazian.fsnet.co.uk>, Peter Oruba
[   42.213225] registered taskstats version 1
[   42.213238] Loading compiled-in X.509 certificates
[   42.213829] Loaded X.509 cert 'Build time autogenerated kernel key: 32ca4feee90b5cde51f5f8c0e024b22f8c679982'
[   42.213842] zswap: loaded using pool lzo/zbud
[   42.215030] Key type trusted registered
[   42.216695] Key type encrypted registered
[   42.216699] AppArmor: AppArmor sha1 policy hashing enabled
[   42.216701] ima: No TPM chip found, activating TPM-bypass!
[   42.216713] evm: HMAC attrs: 0x1
[   42.216928]   Magic number: 13:293:758
[   42.216939] tty ttyS9: hash matches
[   42.217398] rtc_cmos rtc_cmos: setting system clock to 2017-04-01 00:45:28 UTC (1491007528)
[   42.217476] BIOS EDD facility v0.16 2004-Jun-25, 0 devices found
[   42.217476] EDD information not available.
[   42.226160] input: AT Translated Set 2 keyboard as /devices/platform/i8042/serio0/input/input2
[   52.334315] Freeing unused kernel memory: 1488K (ffffffff81f45000 - ffffffff820b9000)
[   52.610291] Write protecting the kernel read-only data: 14336k
[   52.830418] Freeing unused kernel memory: 1776K (ffff880001844000 - ffff880001a00000)
[   53.114216] Freeing unused kernel memory: 116K (ffff880001de3000 - ffff880001e00000)
Loading, please [   53.397878] random: systemd-udevd: uninitialized urandom read (16 bytes read, 5 bits of entropy available)
wait...
starting version 229
[   53.398325] random: udevadm: uninitialized urandom read (16 bytes read, 5 bits of entropy available)
[   53.398352] random: udevadm: uninitialized urandom read (16 bytes read, 5 bits of entropy available)
[   53.398432] random: udevadm: uninitialized urandom read (16 bytes read, 5 bits of entropy available)
[   53.398461] random: udevadm: uninitialized urandom read (16 bytes read, 5 bits of entropy available)
[   53.398489] random: udevadm: uninitialized urandom read (16 bytes read, 5 bits of entropy available)
[   53.398518] random: udevadm: uninitialized urandom read (16 bytes read, 5 bits of entropy available)
[   53.398545] random: udevadm: uninitialized urandom read (16 bytes read, 5 bits of entropy available)
[   53.398570] random: udevadm: uninitialized urandom read (16 bytes read, 5 bits of entropy available)
[   53.398597] random: udevadm: uninitialized urandom read (16 bytes read, 5 bits of entropy available)
[   56.612866] Fusion MPT base driver 3.04.20
[   56.742063] Copyright (c) 1999-2008 LSI Corporation
[   56.901083] e1000: Intel(R) PRO/1000 Network Driver - version 7.3.21-k8-NAPI
[   57.129409] e1000: Copyright (c) 1999-2006 Intel Corporation.
[   57.291986] Fusion MPT SPI Host driver 3.04.20
[   57.438382] AVX version of gcm_enc/dec engaged.
[   57.473367] AES CTR mode by8 optimization enabled
[   57.492051] input: ImExPS/2 Generic Explorer Mouse as /devices/platform/i8042/serio1/input/input4
[   57.819763] e1000 0000:00:03.0 eth0: (PCI:33MHz:32-bit) 02:1b:66:ab:e9:71
[   58.056521] e1000 0000:00:03.0 eth0: Intel(R) PRO/1000 Network Connection
[   58.283919] e1000 0000:00:03.0 enp0s3: renamed from eth0
[   58.346379] mptbase: ioc0: Initiating bringup
[   58.422270] ioc0: LSI53C1030 A0: Capabilities={Initiator}
[   58.786463] scsi host2: ioc0: LSI53C1030 A0, FwRev=00000000h, Ports=1, MaxQ=256, IRQ=20
[   59.198335] scsi 2:0:0:0: Direct-Access     VBOX     HARDDISK         1.0  PQ: 0 ANSI: 5
[   59.424255] scsi target2:0:0: Beginning Domain Validation
[   59.620724] scsi target2:0:0: Domain Validation skipping write tests
[   59.741124] scsi target2:0:0: Ending Domain Validation
[   59.758334] scsi target2:0:0: asynchronous
[   59.760702] scsi 2:0:1:0: Direct-Access     VBOX     HARDDISK         1.0  PQ: 0 ANSI: 5
[   59.808189] scsi target2:0:1: Beginning Domain Validation
[   59.810619] scsi target2:0:1: Domain Validation skipping write tests
[   59.813963] scsi target2:0:1: Ending Domain Validation
[   59.816807] scsi target2:0:1: asynchronous
[   59.834961] sd 2:0:0:0: [sda] 20971520 512-byte logical blocks: (10.7 GB/10.0 GiB)
[   59.840971] sd 2:0:0:0: Attached scsi generic sg0 type 0
[   59.842184] sd 2:0:0:0: [sda] Write Protect is off
[   59.843147] sd 2:0:1:0: [sdb] 20480 512-byte logical blocks: (10.5 MB/10.0 MiB)
[   59.844342] sd 2:0:0:0: [sda] Incomplete mode parameter data
[   59.845403] sd 2:0:1:0: Attached scsi generic sg1 type 0
[   59.856562] sd 2:0:0:0: [sda] Assuming drive cache: write through
[   59.857614] sd 2:0:1:0: [sdb] Write Protect is off
[   59.858483] sd 2:0:1:0: [sdb] Incomplete mode parameter data
[   59.859348] sd 2:0:1:0: [sdb] Assuming drive cache: write through
[   60.114564]  sda: sda1
[   60.128868] sd 2:0:1:0: [sdb] Attached SCSI disk
[   60.292596] floppy0: no floppy controllers found
[   60.292628] work still pending
[   60.579346] sd 2:0:0:0: [sda] Attached SCSI disk
Begin: Loading e[   62.146705] md: linear personality registered for level -1
ssential drivers[   62.358172] md: multipath personality registered for level -4
 ... [   62.564468] md: raid0 personality registered for level 0
[   62.695846] md: raid1 personality registered for level 1
[   62.877248] raid6: sse2x1   gen() 10275 MB/s
[   63.096509] raid6: sse2x1   xor()  7448 MB/s
[   63.320516] raid6: sse2x2   gen() 12445 MB/s
[   63.521062] raid6: sse2x2   xor()  8778 MB/s
[   63.740811] raid6: sse2x4   gen() 13235 MB/s
[   63.944421] raid6: sse2x4   xor()  9858 MB/s
[   64.052181] raid6: using algorithm sse2x4 gen() 13235 MB/s
[   64.054111] raid6: .... xor() 9858 MB/s, rmw enabled
[   64.054918] raid6: using ssse3x2 recovery algorithm
[   64.056932] xor: automatically using best checksumming function:
[   64.096716]    avx       : 20163.000 MB/sec
[   64.100116] async_tx: api initialized (async)
[   64.253964] md: raid6 personality registered for level 6
[   64.448056] md: raid5 personality registered for level 5
[   64.624619] md: raid4 personality registered for level 4
[   64.786381] md: raid10 personality registered for level 10
done.
Begin: Running /scripts/i[   64.817731] Btrfs loaded
nit-premount ... done.
Begin: Mounting root file system ... Begin: Running /scripts/local-top ... done.
Begin: Running /scripts/local-premount[   65.012861] EXT4-fs (sda1): INFO: recovery required on readonly filesystem
 ... Scanning fo[   65.279105] EXT4-fs (sda1): write access will be enabled during recovery
r Btrfs filesystems
done.
Warning: fsck not present, so skipping root file system
[   65.812612] EXT4-fs (sda1): recovery complete
[   65.959156] EXT4-fs (sda1): mounted filesystem with ordered data mode. Opts: (null)
done.
Begin: Running /scripts/local-bottom ... done.
Begin: Running /scripts/init-bottom ... done.
[   66.400720] random: nonblocking pool is initialized
[   67.214444] systemd[1]: systemd 229 running in system mode. (+PAM +AUDIT +SELINUX +IMA +APPARMOR +SMACK +SYSVINIT +UTMP +LIBCRYPTSETUP +GCRYPT +GNUTLS +ACL +XZ -LZ4 +SECCOMP +BLKID +ELFUTILS +KMOD -IDN)
[   67.831210] systemd[1]: Detected virtualization oracle.
[   68.004512] systemd[1]: Detected architecture x86-64.

Welcome to [1mUbuntu 16.04.2 LTS[0m!

[   68.270776] systemd[1]: Set hostname to <ubuntu-xenial>.
[   69.592979] systemd[1]: Listening on udev Control Socket.
[[0;32m  OK  [0m] Listening on udev Control Socket.
[   69.845962] systemd[1]: Listening on Journal Socket.
[[0;32m  OK  [0m] Listening on Journal Socket.
[   70.073523] systemd[1]: Listening on Syslog Socket.
[[0;32m  OK  [0m] Listening on Syslog Socket.
[   70.281681] systemd[1]: Listening on Journal Socket (/dev/log).
[[0;32m  OK  [0m] Listening on Journal Socket (/dev/log).
[   70.562277] systemd[1]: Created slice System Slice.
[[0;32m  OK  [0m] Created slice System Slice.
[   70.809597] systemd[1]: Starting Load Kernel Modules...
         Starting Load Kernel Modules...
[   71.049677] systemd[1]: Mounting Debug File System...
         [   71.229162] Loading iSCSI transport class v2.0-870.
Mounting Debug File System...
[   71.311563] iscsi: registered transport (tcp)
[   71.460503] systemd[1]: Starting Nameserver information manager...
         Starting Nameserver information manager...
[   71.736595] iscsi: registered transport (iser)
[   71.876752] systemd[1]: Mounting Huge Pages File System...
         Mounting Huge Pages File System...
[   72.116560] systemd[1]: Reached target User and Group Name Lookups.
[[0;32m  OK  [0m] Reached target User and Group Name Lookups.
[   72.408940] systemd[1]: Starting Remount Root and Kernel File Systems...
[   72.473535] EXT4-fs (sda1): re-mounted. Opts: (null)
         Starting Remount Root and Kernel File Systems...
[   72.670463] systemd[1]: Starting Set console keymap...
         Starting Set console keymap...
[   72.765363] systemd[1]: Mounting POSIX Message Queue File System...
         Mounting POSIX Message Queue File System...
[   72.989724] systemd[1]: Reached target Swap.
[[0;32m  OK  [0m] Reached target Swap.
[   73.210096] systemd[1]: Created slice system-serial\x2dgetty.slice.
[[0;32m  OK  [0m] Created slice system-serial\x2dgetty.slice.
[   73.463319] systemd[1]: Listening on Journal Audit Socket.
[[0;32m  OK  [0m] Listening on Journal Audit Socket.
[   73.752873] systemd[1]: Starting Journal Service...
         Starting Journal Service...
[   73.968905] systemd[1]: Reached target Encrypted Volumes.
[[0;32m  OK  [0m] Reached target Encrypted Volumes.
[   74.241495] systemd[1]: Starting Create list of required static device nodes for the current kernel...
         Starting Create list of required st... nodes for the current kernel...
[   74.623656] systemd[1]: Started Forward Password Requests to Wall Directory Watch.
[[0;32m  OK  [0m] Started Forward Password Requests to Wall Directory Watch.
[   74.993323] systemd[1]: Listening on udev Kernel Socket.
[[0;32m  OK  [0m] Listening on udev Kernel Socket.
[   75.265449] systemd[1]: Listening on LVM2 metadata daemon socket.
[[0;32m  OK  [0m] Listening on LVM2 metadata daemon socket.
[   75.549864] systemd[1]: Set up automount Arbitrary Executable File Formats File System Automount Point.
[[0;32m  OK  [0m] Set up automount Arbitrary Executab...ats File System Automount Point.
[   75.952841] systemd[1]: Starting Uncomplicated firewall...
         Starting Uncomplicated firewall...
[   76.209703] systemd[1]: Created slice User and Session Slice.
[[0;32m  OK  [0m] Created slice User and Session Slice.
[   76.493322] systemd[1]: Reached target Slices.
[[0;32m  OK  [0m] Reached target Slices.
[   76.645463] systemd[1]: Listening on Device-mapper event daemon FIFOs.
[[0;32m  OK  [0m] Listening on Device-mapper event daemon FIFOs.
[   76.929466] systemd[1]: Starting Monitoring of LVM2 mirrors, snapshots etc. using dmeventd or progress polling...
         Starting Monitoring of LVM2 mirrors... dmeventd or progress polling...
[   77.370917] systemd[1]: Listening on /dev/initctl Compatibility Named Pipe.
[[0;32m  OK  [0m] Listening on /dev/initctl Compatibility Named Pipe.
[   77.713836] systemd[1]: Listening on LVM2 poll daemon socket.
[[0;32m  OK  [0m] Listening on LVM2 poll daemon socket.
[   78.007688] systemd[1]: Mounted POSIX Message Queue File System.
[[0;32m  OK  [0m] Mounted POSIX Message Queue File System.
[   78.281717] systemd[1]: Mounted Debug File System.
[[0;32m  OK  [0m] Mounted Debug File System.
[   78.512951] systemd[1]: Mounted Huge Pages File System.
[[0;32m  OK  [0m] Mounted Huge Pages File System.
[   78.714842] systemd[1]: Started Journal Service.
[[0;32m  OK  [0m] Started Journal Service.
[[0;32m  OK  [0m] Started Load Kernel Modules.
[[0;32m  OK  [0m] Started Remount Root and Kernel File Systems.
[[0;32m  OK  [0m] Started Set console keymap.
[[0;32m  OK  [0m] Started Create list of required sta...ce nodes for the current kernel.
[[0;32m  OK  [0m] Started Uncomplicated firewall.
[[0;32m  OK  [0m] Started Nameserver information manager.
[[0;32m  OK  [0m] Started LVM2 metadata daemon.
         Starting Create Static Device Nodes in /dev...
         Starting Initial cloud-init job (pre-networking)...
         Starting udev Coldplug all Devices...
         Starting Load/Save Random Seed...
         Starting Apply Kernel Variables...
         Mounting FUSE Control File System...
         Starting Flush Journal to Persistent Storage...
[[0;32m  OK  [0m] Mounted FUSE Control File System.
[[0;32m  OK  [0m] Started Monitoring of LVM2 mirrors,...ng dmeventd or progress polling.
[[0;32m  OK  [0m] Started Create Static Device Nodes in /dev.
[[0;32m  OK  [0m] Started Load/Save Random Seed.
[[0;32m  OK  [0m] Started Apply Kernel Variables.
[[0;32m  OK  [0m] Started udev Coldplug all Devices.
         Starting udev Kernel Device Manager...
[[0;32m  OK  [0m] Started Flush Journal to Persistent Storage.
[[0;32m  OK  [0m] Started udev Kernel Device Manager.
[[0;32m  OK  [0m] Started Dispatch Password Requests to Console Directory Watch.
[[0;32m  OK  [0m] Reached target Local File Systems (Pre).
[[0;32m  OK  [0m] Reached target Local File Systems.
         Starting Tell Plymouth To Write Out Runtime Data...
         Starting Set console font and keymap...
         Starting Create Volatile Files and Directories...
         Starting LSB: AppArmor initialization...
[[0;32m  OK  [0m] Started Tell Plymouth To Write Out Runtime Data.
[[0;32m  OK  [0m] Started Create Volatile Files and Directories.
[[0;32m  OK  [0m] Found device /dev/ttyS0.
         Starting Update UTMP about System Boot/Shutdown...
         Starting Network Time Synchronization...
[[0;32m  OK  [0m] Started Network Time Synchronization.
[[0;32m  OK  [0m] Started Set console font and keymap.
[[0;32m  OK  [0m] Created slice system-getty.slice.
[[0;32m  OK  [0m] Reached target System Time Synchronized.
[[0;32m  OK  [0m] Started Update UTMP about System Boot/Shutdown.
[[0;32m  OK  [0m] Found device 82540EM Gigabit Ethern...r (PRO/1000 MT Desktop Adapter).
[[0;32m  OK  [0m] Listening on Load/Save RF Kill Switch Status /dev/rfkill Watch.
[[0;32m  OK  [0m] Started LSB: AppArmor initialization.
[   51.286089] cloud-init[470]: Cloud-init v. 0.7.9 running 'init-local' at Sat, 01 Apr 2017 00:46:10 +0000. Up 50.67 seconds.
[[0;32m  OK  [0m] Started Initial cloud-init job (pre-networking).
[[0;32m  OK  [0m] Reached target Network (Pre).
[[0;32m  OK  [0m] Started ifup for enp0s3.
         Starting Raise network interfaces...
[[0;32m  OK  [0m] Started Raise network interfaces.
         Starting Initial cloud-init job (metadata service crawler)...
[[0;32m  OK  [0m] Reached target Network.
[   52.741781] cloud-init[1082]: Cloud-init v. 0.7.9 running 'init' at Sat, 01 Apr 2017 00:46:12 +0000. Up 52.13 seconds.
[   52.873469] cloud-init[1082]: ci-info: +++++++++++++++++++++++++++++++++++++Net device info++++++++++++++++++++++++++++++++++++++
[[0;32m  OK  [0m] Started Initial cloud-init job (metadata service crawler).
[   53.027612] cloud-init[1082]: ci-info: +--------+------+----------------------------+---------------+-------+-------------------+
[   53.252889] cloud-init[1082]: ci-info: | Device |  Up  |          Address           |      Mask     | Scope |     Hw-Address    |
[[0;32m  OK  [0m] Reached target Cloud-config availability.
[   53.404793] cloud-init[1082]: ci-info: +--------+------+----------------------------+---------------+-------+-------------------+
[   53.628524] cloud-init[1082]: ci-info: | enp0s3 | True |         10.0.2.15          | 255.255.255.0 |   .   | 02:1b:66:ab:e9:71 |
[   53.629219] cloud-init[1082]: ci-info: | enp0s3 | True | fe80::1b:66ff:feab:e971/64 |       .       |  link | 02:1b:66:ab:e9:71 |
[   53.629332] cloud-init[1082]: ci-info: |   lo   | True |         127.0.0.1          |   255.0.0.0   |   .   |         .         |
[   53.629432] cloud-init[1082]: ci-info: |   lo   | True |          ::1/128           |       .       |  host |         .         |
[   53.629548] cloud-init[1082]: ci-info: +--------+------+----------------------------+---------------+-------+-------------------+
[   53.629648] cloud-init[1082]: ci-info: +++++++++++++++++++++++++++Route IPv4 info++++++++++++++++++++++++++++
[   53.629747] cloud-init[1082]: ci-info: +-------+-------------+----------+---------------+-----------+-------+
[[0;32m  OK  [0m] Reached target System Initialization.[   53.629915] 
cloud-init[1082]: ci-info: | Route | Destination | Gateway  |    Genmask    | Interface | Flags |
[   54.636444] cloud-init[1082]: ci-info: +-------+-------------+----------+---------------+-----------+-------+
[   54.636716] cloud-init[1082]: ci-info: |   0   |   0.0.0.0   | 10.0.2.2 |    0.0.0.0    |   enp0s3  |   UG  |
[[0;32m  OK  [0m] Started Daily Cleanup of Temporary Directories.
         Starting Socket activation for snappy daemon.[   54.636852] cloud-init[1082]: ci-info: |   1   |   10.0.2.0  | 0.0.0.0  | 255.255.255.0 |   enp0s3  |   U   |
[   54.674461] cloud-init[1082]: ci-info: +-------+-------------+----------+---------------+-----------+-------+

         Starting LXD - unix socket.
[[0;32m  OK  [0m] Listening on ACPID Listen Socket.
[[0;32m  OK  [0m] Started ACPI Events Check.
[[0;32m  OK  [0m] Started Daily apt activities.
[[0;32m  OK  [0m] Listening on D-Bus System Message Bus Socket.
[[0;32m  OK  [0m] Started Trigger resolvconf update for networkd DNS.
[[0;32m  OK  [0m] Reached target Paths.
[[0;32m  OK  [0m] Listening on UUID daemon activation socket.
[[0;32m  OK  [0m] Started Timer to automatically refresh installed snaps.
[[0;32m  OK  [0m] Reached target Timers.
[[0;32m  OK  [0m] Reached target Network is Online.
         Starting iSCSI initiator daemon (iscsid)...
[[0;32m  OK  [0m] Listening on Socket activation for snappy daemon.
[[0;32m  OK  [0m] Listening on LXD - unix socket.
[[0;32m  OK  [0m] Reached target Sockets.
[[0;32m  OK  [0m] Reached target Basic System.
[[0;32m  OK  [0m] Started ACPI event daemon.
[[0;32m  OK  [0m] Started D-Bus System Message Bus.
         Starting Login Service...
         Starting LSB: MD monitoring daemon...
         Starting Apply the settings specified in cloud-config...
         Starting OpenBSD Secure Shell server...
[[0;32m  OK  [0m] Started FUSE filesystem for LXC.
[[0;32m  OK  [0m] Started Snappy daemon.
         Starting Auto import assertions from block devices...
[[0;32m  OK  [0m] Started Deferred execution scheduler.
[[0;32m  OK  [0m] Started Regular background program processing daemon.
         Starting LSB: Record successful boot for GRUB...
[   56.365903] cloud-init[1146]: Cloud-init v. 0.7.9 running 'modules:config' at Sat, 01 Apr 2017 00:46:16 +0000. Up 56.14 seconds.
         Starting System Logging Service...
         Starting /etc/rc.local Compatibility...
         Starting LXD - container startup/shutdown...
         Starting Accounts Service...
[[0;32m  OK  [0m] Started OpenBSD Secure Shell server.
[[0;32m  OK  [0m] Started iSCSI initiator daemon (iscsid).
[[0;32m  OK  [0m] Started Apply the settings specified in cloud-config.
[[0;32m  OK  [0m] Started Auto import assertions from block devices.
[[0;32m  OK  [0m] Started /etc/rc.local Compatibility.
[[0;32m  OK  [0m] Started System Logging Service.
         Starting Login to default iSCSI targets...
[[0;32m  OK  [0m] Started Login Service.
[[0;32m  OK  [0m] Started LSB: MD monitoring daemon.
[[0;32m  OK  [0m] Started LSB: Record successful boot for GRUB.
[[0;32m  OK  [0m] Started Login to default iSCSI targets.
         Starting Authenticate and Authorize Users to Run Privileged Tasks...
[[0;32m  OK  [0m] Reached target Remote File Systems (Pre).
[[0;32m  OK  [0m] Reached target Remote File Systems.
         Starting LSB: Set the CPU Frequency Scaling governor to "ondemand"...
         Starting LSB: automatic crash report generation...
         Starting LSB: daemon to balance interrupts for SMP systems...
         Starting Permit User Sessions...
[[0;32m  OK  [0m] Started Permit User Sessions.
[[0;32m  OK  [0m] Started Authenticate and Authorize Users to Run Privileged Tasks.
[[0;32m  OK  [0m] Started LXD - container startup/shutdown.
[[0;32m  OK  [0m] Started Accounts Service.
[[0;32m  OK  [0m] Started LSB: Set the CPU Frequency Scaling governor to "ondemand".
[[0;32m  OK  [0m] Started LSB: automatic crash report generation.
         Starting Hold until boot process finishes up...
         Starting Terminate Plymouth Boot Screen...
[[0;32m  OK  [0m] Started LSB: daemon to balance interrupts for SMP systems.
[[0;32m  OK  [0m] Started Hold until boot process finishes up.
[[0;32m  OK  [0m] Started Terminate Plymouth Boot Screen.
[[0;32m  OK  [0m] Started Getty on tty1.
         Starting Set console scheme...
[[0;32m  OK  [0m] Started Serial Getty on ttyS0.
[[0;32m  OK  [0m] Reached target Login Prompts.
[[0;32m  OK  [0m] Reached target Multi-User System.
         Starting Execute cloud user/final scripts...
[[0;32m  OK  [0m] Reached target Graphical Interface.
         Starting Update UTMP about System Runlevel Changes...
[[0;32m  OK  [0m] Started Set console scheme.
[[0;32m  OK  [0m] Started Update UTMP about System Runlevel Changes.
[   59.808432] cloud-init[1283]: Cloud-init v. 0.7.9 running 'modules:final' at Sat, 01 Apr 2017 00:46:19 +0000. Up 59.69 seconds.
[   59.858409] [[0;32m  OK  [0m] Started Execute cloud user/final scripts.
cloud-init[1283]: Cloud-init v. 0.7.9 finished at Sat, 01 Apr 2017 00:46:19 +0000. Datasource DataSourceNoCloud [seed=/dev/sdb][dsmode=net].  Up 59.80 seconds
[[0;32m  OK  [0m] Reached target Cloud-init target.

Ubuntu 16.04.2 LTS ubuntu-xenial ttyS0

ubuntu-xenial login: [ 1089.732494] e1000 0000:00:03.0 enp0s3: Detected Tx Unit Hang
[ 1089.732494]   Tx Queue             <0>
[ 1089.732494]   TDH                  <dc>
[ 1089.732494]   TDT                  <de>
[ 1089.732494]   next_to_use          <de>
[ 1089.732494]   next_to_clean        <dc>
[ 1089.732494] buffer_info[next_to_clean]
[ 1089.732494]   time_stamp           <10002e110>
[ 1089.732494]   next_to_watch        <dd>
[ 1089.732494]   jiffies              <10002e222>
[ 1089.732494]   next_to_watch.status <0>
[ 1091.736097] e1000 0000:00:03.0 enp0s3: Detected Tx Unit Hang
[ 1091.736097]   Tx Queue             <0>
[ 1091.736097]   TDH                  <dc>
[ 1091.736097]   TDT                  <de>
[ 1091.736097]   next_to_use          <de>
[ 1091.736097]   next_to_clean        <dc>
[ 1091.736097] buffer_info[next_to_clean]
[ 1091.736097]   time_stamp           <10002e110>
[ 1091.736097]   next_to_watch        <dd>
[ 1091.736097]   jiffies              <10002e417>
[ 1091.736097]   next_to_watch.status <0>
[ 1093.739492] e1000 0000:00:03.0 enp0s3: Detected Tx Unit Hang
[ 1093.739492]   Tx Queue             <0>
[ 1093.739492]   TDH                  <dc>
[ 1093.739492]   TDT                  <de>
[ 1093.739492]   next_to_use          <de>
[ 1093.739492]   next_to_clean        <dc>
[ 1093.739492] buffer_info[next_to_clean]
[ 1093.739492]   time_stamp           <10002e110>
[ 1093.739492]   next_to_watch        <dd>
[ 1093.739492]   jiffies              <10002e60c>
[ 1093.739492]   next_to_watch.status <0>
[ 1095.707550] e1000 0000:00:03.0 enp0s3: Reset adapter
[ 1095.829039] e1000 0000:00:03.0 enp0s3: Detected Tx Unit Hang
[ 1095.829039]   Tx Queue             <0>
[ 1095.829039]   TDH                  <dc>
[ 1095.829039]   TDT                  <de>
[ 1095.829039]   next_to_use          <de>
[ 1095.829039]   next_to_clean        <dc>
[ 1095.829039] buffer_info[next_to_clean]
[ 1095.829039]   time_stamp           <10002e110>
[ 1095.829039]   next_to_watch        <dd>
[ 1095.829039]   jiffies              <10002e816>
[ 1095.829039]   next_to_watch.status <0>
[ 1096.074413] e1000 0000:00:03.0 enp0s3: Reset adapter
